EN prng_send NULL /home/apurvan/GSoC/usb-plug-mod-working/Transceiver_tb_enc_working_bkp/Transceiver_tb/src/prng_send.vhd sub00/vhpl00 1564568582
AR enc_8b10b rtl /home/apurvan/GSoC/usb-plug-mod-working/Transceiver_tb_enc_working_bkp/Transceiver_tb/src/enc_8b10b.vhd sub00/vhpl03 1564568585
EN top NULL /home/apurvan/GSoC/usb-plug-mod-working/Transceiver_tb_enc_working_bkp/Transceiver_tb/ise_proj/ise_proj/top.vhd sub00/vhpl04 1564568586
AR top rtl /home/apurvan/GSoC/usb-plug-mod-working/Transceiver_tb_enc_working_bkp/Transceiver_tb/ise_proj/ise_proj/top.vhd sub00/vhpl05 1564568587
EN enc_8b10b NULL /home/apurvan/GSoC/usb-plug-mod-working/Transceiver_tb_enc_working_bkp/Transceiver_tb/src/enc_8b10b.vhd sub00/vhpl02 1564568584
AR prng_send rtl /home/apurvan/GSoC/usb-plug-mod-working/Transceiver_tb_enc_working_bkp/Transceiver_tb/src/prng_send.vhd sub00/vhpl01 1564568583
